header_closed: 46306 chars
header_hovered: 46579 chars
overlay_dismissed: "OK"
share_open: 8910 chars
sound_button: {"markup":null}
operator_section: 306840 chars
switcher3d_markup: "<div class=\"__02-Operator_switcher3d__I_Eai\" style=\"opacity: 1;\"></div>"
toggle_selector_hits: 0
operator_classes: ["__02-Operator_pcContainer___7vsU","__02-Operator_backgroundDeco___Hj3d","__02-
list_button: 84 chars
avatar_count: 0
section_information: 12512 chars
section_calendar: 1480 chars
section_gameplay: 52377 chars
section_aic: 49922 chars
section_notice: 11865 chars
lore_divider: 215 chars
section_titles: ["<div class=\"SectionTitle_sectionTitle__tAFPG __03-Lore_title__CDpIH SectionTi
gameplay_album: 27109 chars
notice_carousel: 11865 chars
downloader: 3464 chars
footer_home: 8122 chars
footer_language_open: 8143 chars
mobile_header: 29526 chars
mobile_menu_open: 24196 chars
mobile_operator: 306832 chars
dropdown_open: 2006 chars
dropdown_selected: 3793 chars
operator_detail: 307048 chars
news_tabs: 1977 chars
news_tab2: 27773 chars
news_item: 5306 chars
back_to_top: 385 chars
